node : node:events:486
At line:1 char:1
+ node index.js > 
error_log.txt 2>&1
+ ~~~~~~~~~~~~~~~~~~~~~~~~~
~~~~~~~~~
    + CategoryInfo         
     : NotSpecified: (nod  
  e:events:486:String) [   
 ], RemoteException
    + FullyQualifiedErrorI 
   d : NativeCommandError
 
      throw er; // 
Unhandled 'error' event
      ^

Error: listen EADDRINUSE: 
address already in use 
:::5000
    at 
Server.setupListenHandle 
[as _listen2] 
(node:net:1948:16)
    at listenInCluster 
(node:net:2005:12)
    at Server.listen 
(node:net:2110:7)
    at app.listen (E:\final
_odoo\Learnova\backend\node
_modules\express\lib\applic
ation.js:635:24)
    at Object.<anonymous> (
E:\final_odoo\Learnova\back
end\index.js:59:5)
    at Module._compile (nod
e:internal/modules/cjs/load
er:1812:14)
    at Object..js (node:int
ernal/modules/cjs/loader:19
43:10)
    at Module.load (node:in
ternal/modules/cjs/loader:1
533:32)
    at Module._load (node:i
nternal/modules/cjs/loader:
1335:12)
    at wrapModuleLoad (node
:internal/modules/cjs/loade
r:255:19)
Emitted 'error' event on 
Server instance at:
    at emitErrorNT 
(node:net:1984:8)
    at process.processTicks
AndRejections (node:interna
l/process/task_queues:90:21
) {
  code: 'EADDRINUSE',
  errno: -4091,
  syscall: 'listen',
  address: '::',
  port: 5000
}

Node.js v24.14.0
